PASS load/switch reset removes old messages and stale proposal without mutating save
PASS Growth review restores exact proposal options without buying or unpausing
PASS review cannot restore another property proposal
PASS choosing a different tool discards reviewed proposal
node:internal/modules/run_main:107
    triggerUncaughtException(
    ^

AssertionError [ERR_ASSERTION]: set SST_FIXTURE_06
    at file:///workspace/scratch/b0f7c471323d/sst-view41/tests/headless/tui38.mjs:15:125
    at test (file:///workspace/scratch/b0f7c471323d/sst-view41/tests/headless/tui38.mjs:9:32)
    at file:///workspace/scratch/b0f7c471323d/sst-view41/tests/headless/tui38.mjs:15:1
    at ModuleJob.run (node:internal/modules/esm/module_job:439:25)
    at async node:internal/modules/esm/loader:643:26
    at async asyncRunEntryPointWithESMLoader (node:internal/modules/run_main:101:5) {
  generatedMessage: false,
  code: 'ERR_ASSERTION',
  actual: undefined,
  expected: true,
  operator: '==',
  diff: 'simple'
}

Node.js v24.19.0
