PASS legacy elevator at F2, priced F3 package, no mandatory stairs
PASS complete package charged exactly once; stale quote and duplicate refused
PASS occupied legacy IDs/leases survive staged expansion; commissioning explicit
PASS deterministic construction reload with no second charge
PASS cart/person slot capacity, mixed directions, eventual pickup and save midflight
PASS freight failure blocks F3 rental; cart cannot substitute stairs; repair retains riders
PASS actual outbound/return cart path uses F3 elevator and ground wide door
PASS cancellation does not strand a completed floor
PASS migration waits for an occupied legacy cab, retaining passenger and queue identities
PASS actual customer claims a cart, visits F3, returns cart and departs
PASS multiple working shafts choose congestion then ID and rebalance waiting freight after failure
PASS duplicate join preserves original waiting tick; stale callers do not survive
ALL PASS: 12 three-floor gameplay checks
PASS actual SST0/SST1 export/load preserves F2/F3 objects, layers, charges and paused load
PASS actual save/load retains construction phase, elapsed ticks and paid package
PASS malformed height/version/layers/floors rejected atomically across portfolio
PASS intentional 1x popup resume preserved
PASS three-floor cutaway/selected-floor plane under renderer stubs; Safari visual acceptance pending
PASS reordered stages, inconsistent package totals, runaway elapsed time, unfinished completed phase and orphan passengers rejected atomically
PASS production compressed save/reload across all five expansion stages, completion and no repeated charge
