graduated true beat 8
cash before up 15023
upper milestone true lesson null {"interior":2,"quality":2,"climate":3,"up":6}
  [welcome] 00 tab=null tool=null step 1/2: Look around the property
  [welcome] 10 tab=null tool=null step 2/2: Tap Look around when ready
  [makeready] 0000 tab=null tool=null step 1/4: Tap Unit 107
  [makeready] 1000 tab=null tool=null step 2/4: Tap Owner Make-Ready
  [makeready] 1100 tab=null tool=null step 3/4: Start the clock: tap 1x
  [makeready] 1110 tab=null tool=null step 4/4: Watch the Owner finish
  [lease] 100 tab=null tool=null step 2/3: Watch for the prospect
  [lease] 110 tab=null tool=null step 3/3: They sign a lease
  [money] 00 tab=null tool=null step 1/2: Open Business
  [money] 10 tab=business tool=null step 2/2: Read the cards, then tap Got it
  [expand] 0000000 tab=business tool=null step 1/7: Open Build
  [expand] 1000000 tab=build tool=null step 2/7: Choose Units
  [expand] 1100000 tab=build tool=null step 3/7: Pick Drive-Up 10x10
  [expand] 1110000 tab=build tool=du10x10 step 4/7: Drag a row down the grass beside the main aisle
  [expand] 1111000 tab=build tool=du10x10 step 5/7: Tap Confirm
  [expand] 1111100 tab=build tool=du10x10 step 6/7: Let construction finish
  [expand] 1111110 tab=null tool=null step 7/7: Tap a new unit, then Commission
  [repair] 0000 tab=null tool=null step 1/4: Look inside: tap F1
  [repair] 1000 tab=null tool=null step 2/4: Tap the broken light
  [repair] 1100 tab=null tool=null step 3/4: Tap Send Owner
  [repair] 1110 tab=null tool=null step 4/4: Let the Owner fix it
  [hire] 000 tab=null tool=null step 1/3: Open Operate
  [hire] 100 tab=operate tool=null step 2/3: Tap Hire Porter
  [hire] 110 tab=operate tool=null step 3/3: Watch the Porter work
  [grad] 0 tab=null tool=null step 1/1: Tap Keep playing
  [end]  tab=null tool=null step 0/0: 
  [interior] 011 tab=null tool=null step 1/3: Tap the Main Loading Corral
  [interior] 111 tab=null tool=null step 3/3: Watch a customer use a cart
  [end]  tab=null tool=null step 0/0: 
  [quality] 00000000 tab=null tool=null step 1/8: Open Operate
  [quality] 10000000 tab=operate tool=null step 2/8: Turn on the Security overlay
  [quality] 11000000 tab=operate tool=null step 3/8: Open Build
  [quality] 11100000 tab=build tool=null step 4/8: Choose Access & Security
  [quality] 11110000 tab=build tool=null step 5/8: Pick Camera
  [quality] 11111000 tab=build tool=camera step 6/8: Tap the apron beside the loading stalls to place it
  [quality] 11111100 tab=build tool=camera step 7/8: Tap Confirm
  [quality] 11111110 tab=build tool=camera step 8/8: Let the installer finish
  [end]  tab=null tool=null step 0/0: 
  [climate] 000000000000000000 tab=null tool=null step 1/18: Open Build (HVAC first)
  [climate] 100001100010000000 tab=build tool=null step 2/18: Choose Utilities
  [climate] 110001000010000000 tab=build tool=null step 3/18: Pick HVAC Plant
  [climate] 111001000010000000 tab=build tool=hvac step 4/18: Tap the grass just west of the interior building
  [climate] 111101000010000000 tab=build tool=hvac step 5/18: Tap Confirm
  [climate] 111111000010000000 tab=build tool=hvac step 7/18: Choose Access & Security
  [climate] 111110000000000000 tab=null tool=null step 6/18: Open Build again (Light)
  [climate] 111111000010000000 tab=build tool=null step 7/18: Choose Access & Security
  [climate] 111111100010000000 tab=build tool=null step 8/18: Pick Light
  [climate] 111111110010000000 tab=build tool=light step 9/18: Tap F1 on the right, then tap the west corridor
  [climate] 111111111010000000 tab=build tool=light step 10/18: Tap Confirm
  [climate] 111111111110000000 tab=build tool=light step 12/18: Choose Interior
  [climate] 111111111100000000 tab=null tool=null step 11/18: Open Build again (units)
  [climate] 111111111110000000 tab=build tool=null step 12/18: Choose Interior
  [climate] 111111111111000000 tab=build tool=null step 13/18: Pick Interior 5x5
  [climate] 111111111111100000 tab=build tool=iu5x5 step 14/18: Turn Climate on
  [climate] 111111111111110000 tab=build tool=iu5x5 step 15/18: Drag a column along the corridor's west side
  [climate] 111111111111111100 tab=build tool=iu5x5 step 17/18: Let construction finish
  [climate] 111111111111111110 tab=null tool=null step 18/18: Tap a new unit, then Commission
  [end]  tab=null tool=null step 0/0: 
  [up] 00000000000 tab=null tool=null step 1/11: Connected drive aisle
  [up] 11000000000 tab=null tool=null step 3/11: F1 hallway
  [up] 11100000000 tab=build tool=hall step 4/11: Wide entrance
  [up] 11110000000 tab=build tool=doorWide step 5/11: Loading zone
  [up] 11111000000 tab=build tool=loading step 6/11: F2 hallway
  [up] 11111100000 tab=build tool=hall step 7/11: Elevator
  [up] 11111111100 tab=null tool=null step 10/11: Finish construction and check access
  [up] 11111111110 tab=null tool=null step 11/11: Commission upstairs units
  [end]  tab=null tool=null step 0/0: 
done true day 5
